// Jest Snapshot v1, https://goo.gl/fbAQLP

exports[`Quote renders home page 1`] = `
<main
  className="sc-bdvvaa PwILa"
>
  <p>
    Mathematics is not about numbers, equations, computations, or algorithms: it is about understanding. â€“William Paul ThurstonHomeCalculatorQuote
  </p>
</main>
`;
